./res/test2Bild0.bmp 170 146
./res/test2Bild1.bmp -1 -1
./res/test2Bild2.bmp -1 -1
./res/test2Bild3.bmp 812 622
31